// Jest Snapshot v1, https://goo.gl/fbAQLP

exports[`renders homepage unchanged 1`] = `
<div>
  <div
    class="m-8 "
  >
    <p>
      This is a demo page and not in used, please click button below to start
    </p>
    <a
      href="http://localhost:3000/login"
    >
      <button
        class="p-2 bg-sky-400 text-white rounded-md"
      >
        Go to Login Page
      </button>
    </a>
  </div>
</div>
`;
